[    0.000000] Initializing cgroup subsys cpuset
[    0.000000] Initializing cgroup subsys cpu
[    0.000000] Initializing cgroup subsys cpuacct
[    0.000000] Linux version 4.4.0-164-generic (buildd@lgw01-amd64-021) (gcc version 5.4.0 20160609 (Ubuntu 5.4.0-6ubuntu1~16.04.10) ) #192-Ubuntu SMP Fri Sep 13 12:02:50 UTC 2019 (Ubuntu 4.4.0-164.192-generic 4.4.186)
[    0.000000] Command line: BOOT_IMAGE=/boot/vmlinuz-4.4.0-164-generic root=LABEL=cloudimg-rootfs ro console=tty1 console=ttyS0
[    0.000000] KERNEL supported cpus:
[    0.000000]   Intel GenuineIntel
[    0.000000]   AMD AuthenticAMD
[    0.000000]   Centaur CentaurHauls
[    0.000000] x86/fpu: xstate_offset[2]:  576, xstate_sizes[2]:  256
[    0.000000] x86/fpu: Supporting XSAVE feature 0x01: 'x87 floating point registers'
[    0.000000] x86/fpu: Supporting XSAVE feature 0x02: 'SSE registers'
[    0.000000] x86/fpu: Supporting XSAVE feature 0x04: 'AVX registers'
[    0.000000] x86/fpu: Enabled xstate features 0x7, context size is 832 bytes, using 'standard' format.
[    0.000000] e820: BIOS-provided physical RAM map:
[    0.000000] BIOS-e820: [mem 0x0000000000000000-0x000000000009fbff] usable
[    0.000000] BIOS-e820: [mem 0x000000000009fc00-0x000000000009ffff] reserved
[    0.000000] BIOS-e820: [mem 0x00000000000f0000-0x00000000000fffff] reserved
[    0.000000] BIOS-e820: [mem 0x0000000000100000-0x000000003ffeffff] usable
[    0.000000] BIOS-e820: [mem 0x000000003fff0000-0x000000003fffffff] ACPI data
[    0.000000] BIOS-e820: [mem 0x00000000fec00000-0x00000000fec00fff] reserved
[    0.000000] BIOS-e820: [mem 0x00000000fee00000-0x00000000fee00fff] reserved
[    0.000000] BIOS-e820: [mem 0x00000000fffc0000-0x00000000ffffffff] reserved
[    0.000000] NX (Execute Disable) protection: active
[    0.000000] SMBIOS 2.5 present.
[    0.000000] Hypervisor detected: KVM
[    0.000000] e820: last_pfn = 0x3fff0 max_arch_pfn = 0x400000000
[    0.000000] MTRR: Disabled
[    0.000000] x86/PAT: MTRRs disabled, skipping PAT initialization too.
[    0.000000] CPU MTRRs all blank - virtualized system.
[    0.000000] x86/PAT: Configuration [0-7]: WB  WT  UC- UC  WB  WT  UC- UC  
[    0.000000] found SMP MP-table at [mem 0x0009fff0-0x0009ffff] mapped at [ffff88000009fff0]
[    0.000000] Scanning 1 areas for low memory corruption
[    0.000000] RAMDISK: [mem 0x362f8000-0x37173fff]
[    0.000000] ACPI: Early table checksum verification disabled
[    0.000000] ACPI: RSDP 0x00000000000E0000 000024 (v02 VBOX  )
[    0.000000] ACPI: XSDT 0x000000003FFF0030 00003C (v01 VBOX   VBOXXSDT 00000001 ASL  00000061)
[    0.000000] ACPI: FACP 0x000000003FFF00F0 0000F4 (v04 VBOX   VBOXFACP 00000001 ASL  00000061)
[    0.000000] ACPI: DSDT 0x000000003FFF0470 0022EA (v02 VBOX   VBOXBIOS 00000002 INTL 20100528)
[    0.000000] ACPI: FACS 0x000000003FFF0200 000040
[    0.000000] ACPI: FACS 0x000000003FFF0200 000040
[    0.000000] ACPI: APIC 0x000000003FFF0240 00005C (v02 VBOX   VBOXAPIC 00000001 ASL  00000061)
[    0.000000] ACPI: SSDT 0x000000003FFF02A0 0001CC (v01 VBOX   VBOXCPUT 00000002 INTL 20100528)
[    0.000000] No NUMA configuration found
[    0.000000] Faking a node at [mem 0x0000000000000000-0x000000003ffeffff]
[    0.000000] NODE_DATA(0) allocated [mem 0x3ffeb000-0x3ffeffff]
[    0.000000] kvm-clock: Using msrs 4b564d01 and 4b564d00
[    0.000000] kvm-clock: cpu 0, msr 0:3ffe3001, primary cpu clock
[    0.000000] kvm-clock: using sched offset of 3619705020 cycles
[    0.000000] clocksource: kvm-clock: mask: 0xffffffffffffffff max_cycles: 0x1cd42e4dffb, max_idle_ns: 881590591483 ns
[    0.000000] Zone ranges:
[    0.000000]   DMA      [mem 0x0000000000001000-0x0000000000ffffff]
[    0.000000]   DMA32    [mem 0x0000000001000000-0x000000003ffeffff]
[    0.000000]   Normal   empty
[    0.000000]   Device   empty
[    0.000000] Movable zone start for each node
[    0.000000] Early memory node ranges
[    0.000000]   node   0: [mem 0x0000000000001000-0x000000000009efff]
[    0.000000]   node   0: [mem 0x0000000000100000-0x000000003ffeffff]
[    0.000000] Initmem setup node 0 [mem 0x0000000000001000-0x000000003ffeffff]
[    0.000000] ACPI: PM-Timer IO Port: 0x4008
[    0.000000] IOAPIC[0]: apic_id 2, version 32, address 0xfec00000, GSI 0-23
[    0.000000] ACPI: INT_SRC_OVR (bus 0 bus_irq 0 global_irq 2 dfl dfl)
[    0.000000] ACPI: INT_SRC_OVR (bus 0 bus_irq 9 global_irq 9 low level)
[    0.000000] Using ACPI (MADT) for SMP configuration information
[    0.000000] smpboot: Allowing 2 CPUs, 0 hotplug CPUs
[    0.000000] PM: Registered nosave memory: [mem 0x00000000-0x00000fff]
[    0.000000] PM: Registered nosave memory: [mem 0x0009f000-0x0009ffff]
[    0.000000] PM: Registered nosave memory: [mem 0x000a0000-0x000effff]
[    0.000000] PM: Registered nosave memory: [mem 0x000f0000-0x000fffff]
[    0.000000] e820: [mem 0x40000000-0xfebfffff] available for PCI devices
[    0.000000] Booting paravirtualized kernel on KVM
[    0.000000] clocksource: refined-jiffies: mask: 0xffffffff max_cycles: 0xffffffff, max_idle_ns: 7645519600211568 ns
[    0.000000] setup_percpu: NR_CPUS:512 nr_cpumask_bits:512 nr_cpu_ids:2 nr_node_ids:1
[    0.000000] PERCPU: Embedded 34 pages/cpu @ffff88003fc00000 s99544 r8192 d31528 u1048576
[    0.000000] Built 1 zonelists in Node order, mobility grouping on.  Total pages: 257912
[    0.000000] Policy zone: DMA32
[    0.000000] Kernel command line: BOOT_IMAGE=/boot/vmlinuz-4.4.0-164-generic root=LABEL=cloudimg-rootfs ro console=tty1 console=ttyS0
[    0.000000] PID hash table entries: 4096 (order: 3, 32768 bytes)
[    0.000000] Memory: 997724K/1048120K available (8622K kernel code, 1335K rwdata, 4032K rodata, 1488K init, 1284K bss, 50396K reserved, 0K cma-reserved)
[    0.000000] SLUB: HWalign=64, Order=0-3, MinObjects=0, CPUs=2, Nodes=1
[    0.000000] Kernel/User page tables isolation: enabled
[    0.000000] Hierarchical RCU implementation.
[    0.000000] 	Build-time adjustment of leaf fanout to 64.
[    0.000000] 	RCU restricting CPUs from NR_CPUS=512 to nr_cpu_ids=2.
[    0.000000] RCU: Adjusting geometry for rcu_fanout_leaf=64, nr_cpu_ids=2
[    0.000000] NR_IRQS:33024 nr_irqs:440 16
[    0.000000] Console: colour VGA+ 80x25
[    0.000000] console [tty1] enabled
[    0.000000] console [ttyS0] enabled
[    0.000000] tsc: Detected 2304.002 MHz processor
[    0.223204] Calibrating delay loop (skipped) preset value.. 4608.00 BogoMIPS (lpj=9216008)
[    0.225832] pid_max: default: 32768 minimum: 301
[    0.227801] ACPI: Core revision 20150930
[    0.230733] ACPI: 2 ACPI AML tables successfully acquired and loaded
[    0.232558] Security Framework initialized
[    0.233670] Yama: becoming mindful.
[    0.234701] AppArmor: AppArmor initialized
[    0.235928] Dentry cache hash table entries: 131072 (order: 8, 1048576 bytes)
[    0.247624] Inode-cache hash table entries: 65536 (order: 7, 524288 bytes)
[    0.264127] Mount-cache hash table entries: 2048 (order: 2, 16384 bytes)
[    0.266165] Mountpoint-cache hash table entries: 2048 (order: 2, 16384 bytes)
[    0.268116] Initializing cgroup subsys io
[    0.269324] Initializing cgroup subsys memory
[    0.270533] Initializing cgroup subsys devices
[    0.271703] Initializing cgroup subsys freezer
[    0.273132] Initializing cgroup subsys net_cls
[    0.274383] Initializing cgroup subsys perf_event
[    0.275633] Initializing cgroup subsys net_prio
[    0.276955] Initializing cgroup subsys hugetlb
[    0.278141] Initializing cgroup subsys pids
[    0.280190] mce: CPU supports 0 MCE banks
[    0.281387] Last level iTLB entries: 4KB 64, 2MB 8, 4MB 8
[    0.283024] Last level dTLB entries: 4KB 64, 2MB 0, 4MB 0, 1GB 4
[    0.284579] Spectre V1 : Mitigation: usercopy/swapgs barriers and __user pointer sanitization
[    0.286805] Spectre V2 : Mitigation: Full generic retpoline
[    0.288211] Spectre V2 : Spectre v2 / SpectreRSB mitigation: Filling RSB on context switch
[    0.290502] Speculative Store Bypass: Vulnerable
[    0.292020] MDS: Mitigation: Clear CPU buffers
[    0.297020] Freeing SMP alternatives memory: 36K
[    0.305889] ftrace: allocating 32318 entries in 127 pages
[    0.383042] smpboot: APIC(0) Converting physical 0 to logical package 0
[    0.384671] smpboot: Max logical packages: 1
[    0.386369] x2apic enabled
[    0.387646] Switched APIC routing to physical x2apic.
[    0.391006] ..TIMER: vector=0x30 apic1=0 pin1=2 apic2=-1 pin2=-1
[    0.501089] APIC calibration not consistent with PM-Timer: 98ms instead of 100ms
[    0.503144] APIC delta adjusted to PM-Timer: 6243730 (6158418)
[    0.504711] smpboot: CPU0: Intel(R) Core(TM) i5-8300H CPU @ 2.30GHz (family: 0x6, model: 0x9e, stepping: 0xa)
[    0.507546] Performance Events: unsupported p6 CPU model 158 no PMU driver, software events only.
[    0.520732] KVM setup paravirtual spinlock
[    0.523049] x86: Booting SMP configuration:
[    0.524377] .... node  #0, CPUs:      #1
[    0.525499] kvm-clock: cpu 1, msr 0:3ffe3041, secondary cpu clock
[    0.527566] mce: CPU supports 0 MCE banks
[    0.530252] x86: Booted up 1 node, 2 CPUs
[    0.531772] smpboot: Total of 2 processors activated (9216.00 BogoMIPS)
[    0.533964] devtmpfs: initialized
[    0.537084] evm: security.selinux
[    0.538224] evm: security.SMACK64
[    0.539238] evm: security.SMACK64EXEC
[    0.540418] evm: security.SMACK64TRANSMUTE
[    0.541555] evm: security.SMACK64MMAP
[    0.542579] evm: security.ima
[    0.543468] evm: security.capability
[    0.544945] clocksource: jiffies: mask: 0xffffffff max_cycles: 0xffffffff, max_idle_ns: 7645041785100000 ns
[    0.547611] futex hash table entries: 512 (order: 3, 32768 bytes)
[    0.549348] pinctrl core: initialized pinctrl subsystem
[    0.550882] RTC time: 14:05:19, date: 09/30/19
[    0.552499] NET: Registered protocol family 16
[    0.567480] cpuidle: using governor ladder
[    0.579294] cpuidle: using governor menu
[    0.580717] PCCT header not found.
[    0.582503] ACPI: bus type PCI registered
[    0.586421] acpiphp: ACPI Hot Plug PCI Controller Driver version: 0.5
[    0.588781] PCI: Using configuration type 1 for base access
[    0.603440] ACPI: Added _OSI(Module Device)
[    0.607440] ACPI: Added _OSI(Processor Device)
[    0.609561] ACPI: Added _OSI(3.0 _SCP Extensions)
[    0.610891] ACPI: Added _OSI(Processor Aggregator Device)
[    0.613212] ACPI: Executed 1 blocks of module-level executable AML code
[    0.618023] ACPI: Interpreter enabled
[    0.619302] ACPI: (supports S0 S5)
[    0.621316] ACPI: Using IOAPIC for interrupt routing
[    0.622962] PCI: Using host bridge windows from ACPI; if necessary, use "pci=nocrs" and report a bug
[    0.630294] ACPI: PCI Root Bridge [PCI0] (domain 0000 [bus 00-ff])
[    0.632282] acpi PNP0A03:00: _OSC: OS supports [ASPM ClockPM Segments MSI]
[    0.634924] acpi PNP0A03:00: _OSC: not requesting OS control; OS requires [ExtendedConfig ASPM ClockPM MSI]
[    0.637808] acpi PNP0A03:00: fail to add MMCONFIG information, can't access extended PCI configuration space under this bridge.
[    0.641294] PCI host bridge to bus 0000:00
[    0.642444] pci_bus 0000:00: root bus resource [io  0x0000-0x0cf7 window]
[    0.644091] pci_bus 0000:00: root bus resource [io  0x0d00-0xffff window]
[    0.645667] pci_bus 0000:00: root bus resource [mem 0x000a0000-0x000bffff window]
[    0.647969] pci_bus 0000:00: root bus resource [mem 0x40000000-0xfdffffff window]
[    0.650968] pci_bus 0000:00: root bus resource [bus 00-ff]
[    0.655082] pci 0000:00:01.1: legacy IDE quirk: reg 0x10: [io  0x01f0-0x01f7]
[    0.672041] pci 0000:00:01.1: legacy IDE quirk: reg 0x14: [io  0x03f6]
[    0.673646] pci 0000:00:01.1: legacy IDE quirk: reg 0x18: [io  0x0170-0x0177]
[    0.675514] pci 0000:00:01.1: legacy IDE quirk: reg 0x1c: [io  0x0376]
[    0.704088] pci 0000:00:07.0: quirk: [io  0x4000-0x403f] claimed by PIIX4 ACPI
[    0.705979] pci 0000:00:07.0: quirk: [io  0x4100-0x410f] claimed by PIIX4 SMB
[    0.724628] ACPI: PCI Interrupt Link [LNKA] (IRQs 5 9 10 *11)
[    0.726961] ACPI: PCI Interrupt Link [LNKB] (IRQs 5 9 *10 11)
[    0.728946] ACPI: PCI Interrupt Link [LNKC] (IRQs 5 *9 10 11)
[    0.734529] ACPI: PCI Interrupt Link [LNKD] (IRQs 5 9 10 *11)
[    0.736886] ACPI: Enabled 2 GPEs in block 00 to 07
[    0.738994] vgaarb: setting as boot device: PCI:0000:00:02.0
[    0.740564] vgaarb: device added: PCI:0000:00:02.0,decodes=io+mem,owns=io+mem,locks=none
[    0.742838] vgaarb: loaded
[    0.743863] vgaarb: bridge control possible 0000:00:02.0
[    0.745547] SCSI subsystem initialized
[    0.746736] ACPI: bus type USB registered
[    0.747870] usbcore: registered new interface driver usbfs
[    0.750005] usbcore: registered new interface driver hub
[    0.751689] usbcore: registered new device driver usb
[    0.753702] PCI: Using ACPI for IRQ routing
[    0.755201] NetLabel: Initializing
[    0.756200] NetLabel:  domain hash size = 128
[    0.757474] NetLabel:  protocols = UNLABELED CIPSOv4
[    0.762336] NetLabel:  unlabeled traffic allowed by default
[    0.763770] amd_nb: Cannot enumerate AMD northbridges
[    0.765147] clocksource: Switched to clocksource kvm-clock
[    0.779969] AppArmor: AppArmor Filesystem Enabled
[    0.781412] pnp: PnP ACPI init
[    0.783390] pnp: PnP ACPI: found 3 devices
[    0.794136] clocksource: acpi_pm: mask: 0xffffff max_cycles: 0xffffff, max_idle_ns: 2085701024 ns
[    0.796643] NET: Registered protocol family 2
[    0.798054] TCP established hash table entries: 8192 (order: 4, 65536 bytes)
[    0.799792] TCP bind hash table entries: 8192 (order: 5, 131072 bytes)
[    0.801509] TCP: Hash tables configured (established 8192 bind 8192)
[    0.803189] UDP hash table entries: 512 (order: 2, 16384 bytes)
[    0.804763] UDP-Lite hash table entries: 512 (order: 2, 16384 bytes)
[    0.806461] NET: Registered protocol family 1
[    0.807725] pci 0000:00:00.0: Limiting direct PCI/PCI transfers
[    0.809653] pci 0000:00:01.0: Activating ISA DMA hang workarounds
[    0.811673] Unpacking initramfs...
[    1.105228] Freeing initrd memory: 14832K
[    1.106638] clocksource: tsc: mask: 0xffffffffffffffff max_cycles: 0x2135f9f0f74, max_idle_ns: 440795301392 ns
[    1.109392] platform rtc_cmos: registered platform RTC device (no PNP device found)
[    1.111554] Scanning for low memory corruption every 60 seconds
[    1.113661] audit: initializing netlink subsys (disabled)
[    1.115193] audit: type=2000 audit(1569852324.106:1): initialized
[    1.117033] Initialise system trusted keyring
[    1.118520] HugeTLB registered 2 MB page size, pre-allocated 0 pages
[    1.139801] zbud: loaded
[    1.142534] VFS: Disk quotas dquot_6.6.0
[    1.143924] VFS: Dquot-cache hash table entries: 512 (order 0, 4096 bytes)
[    1.146159] squashfs: version 4.0 (2009/01/31) Phillip Lougher
[    1.148063] fuse init (API version 7.23)
[    1.149474] Key type big_key registered
[    1.150629] Allocating IMA MOK and blacklist keyrings.
[    1.153030] Key type asymmetric registered
[    1.154188] Asymmetric key parser 'x509' registered
[    1.155550] Block layer SCSI generic (bsg) driver version 0.4 loaded (major 249)
[    1.157863] io scheduler noop registered
[    1.158991] io scheduler deadline registered (default)
[    1.160388] io scheduler cfq registered
[    1.161636] pci_hotplug: PCI Hot Plug PCI Core version: 0.5
[    1.163001] pciehp: PCI Express Hot Plug Controller Driver version: 0.4
[    1.164812] ACPI: AC Adapter [AC] (on-line)
[    1.166069] input: Power Button as /devices/LNXSYSTM:00/LNXPWRBN:00/input/input0
[    1.168211] ACPI: Power Button [PWRF]
[    1.170398] input: Sleep Button as /devices/LNXSYSTM:00/LNXSLPBN:00/input/input1
[    1.172508] ACPI: Sleep Button [SLPF]
[    1.185478] GHES: HEST is not enabled!
[    1.186271] ACPI: Battery Slot [BAT0] (battery present)
[    1.188459] Serial: 8250/16550 driver, 32 ports, IRQ sharing enabled
[    1.211131] 00:02: ttyS0 at I/O 0x3f8 (irq = 4, base_baud = 115200) is a 16550A
[    1.216549] Linux agpgart interface v0.103
[    1.219973] loop: module loaded
[    1.221744] scsi host0: ata_piix
[    1.223142] scsi host1: ata_piix
[    1.224192] ata1: PATA max UDMA/33 cmd 0x1f0 ctl 0x3f6 bmdma 0xd000 irq 14
[    1.225997] ata2: PATA max UDMA/33 cmd 0x170 ctl 0x376 bmdma 0xd008 irq 15
[    1.228534] libphy: Fixed MDIO Bus: probed
[    1.229745] tun: Universal TUN/TAP device driver, 1.6
[    1.231068] tun: (C) 1999-2004 Max Krasnyansky <maxk@qualcomm.com>
[    1.232679] PPP generic driver version 2.4.2
[    1.234208] ehci_hcd: USB 2.0 'Enhanced' Host Controller (EHCI) Driver
[    1.235771] ehci-pci: EHCI PCI platform driver
[    1.237296] ehci-platform: EHCI generic platform driver
[    1.238744] ohci_hcd: USB 1.1 'Open' Host Controller (OHCI) Driver
[    1.240460] ohci-pci: OHCI PCI platform driver
[    1.241690] ohci-platform: OHCI generic platform driver
[    1.243148] uhci_hcd: USB Universal Host Controller Interface driver
[    1.244858] i8042: PNP: PS/2 Controller [PNP0303:PS2K,PNP0f03:PS2M] at 0x60,0x64 irq 1,12
[    1.247827] serio: i8042 KBD port at 0x60,0x64 irq 1
[    1.249102] serio: i8042 AUX port at 0x60,0x64 irq 12
[    1.255759] mousedev: PS/2 mouse device common for all mice
[    1.258056] input: AT Translated Set 2 keyboard as /devices/platform/i8042/serio0/input/input2
[    1.260957] rtc_cmos rtc_cmos: rtc core: registered rtc_cmos as rtc0
[    1.262699] rtc_cmos rtc_cmos: alarms up to one day, 114 bytes nvram
[    1.264242] i2c /dev entries driver
[    1.265476] device-mapper: uevent: version 1.0.3
[    1.266881] device-mapper: ioctl: 4.34.0-ioctl (2015-10-28) initialised: dm-devel@redhat.com
[    1.269111] ledtrig-cpu: registered to indicate activity on CPUs
[    1.274978] NET: Registered protocol family 10
[    1.276759] NET: Registered protocol family 17
[    1.278021] Key type dns_resolver registered
[    1.279676] registered taskstats version 1
[    1.280834] Loading compiled-in X.509 certificates
[    1.282760] Loaded X.509 cert 'Build time autogenerated kernel key: 24ad63d1d4c33254da6414eafe38a3477ac7de99'
[    1.285253] zswap: loaded using pool lzo/zbud
[    1.288619] Key type trusted registered
[    1.293558] Key type encrypted registered
[    1.294729] AppArmor: AppArmor sha1 policy hashing enabled
[    1.296115] ima: No TPM chip found, activating TPM-bypass!
[    1.297643] ima: Allocated hash algorithm: sha1
[    1.298910] evm: HMAC attrs: 0x1
[    1.300327]   Magic number: 3:272:82
[    1.301627] rtc_cmos rtc_cmos: setting system clock to 2019-09-30 14:05:19 UTC (1569852319)
[    1.304043] BIOS EDD facility v0.16 2004-Jun-25, 0 devices found
[    1.305716] EDD information not available.
[    1.386529] Freeing unused kernel memory: 1488K
[    1.387749] Write protecting the kernel read-only data: 14336k
[    1.389991] Freeing unused kernel memory: 1608K
[    1.391463] Freeing unused kernel memory: 64K
Loading, please wait...
starting version 229
[    1.407219] random: systemd-udevd: uninitialized urandom read (16 bytes read, 3 bits of entropy available)
[    1.407934] random: udevadm: uninitialized urandom read (16 bytes read, 3 bits of entropy available)
[    1.407961] random: udevadm: uninitialized urandom read (16 bytes read, 3 bits of entropy available)
[    1.415462] random: systemd-udevd: uninitialized urandom read (16 bytes read, 3 bits of entropy available)
[    1.418136] random: udevadm: uninitialized urandom read (16 bytes read, 3 bits of entropy available)
[    1.418185] random: udevadm: uninitialized urandom read (16 bytes read, 3 bits of entropy available)
[    1.418348] random: udevadm: uninitialized urandom read (16 bytes read, 3 bits of entropy available)
[    1.418408] random: udevadm: uninitialized urandom read (16 bytes read, 3 bits of entropy available)
[    1.418464] random: udevadm: uninitialized urandom read (16 bytes read, 3 bits of entropy available)
[    1.418564] random: udevadm: uninitialized urandom read (16 bytes read, 3 bits of entropy available)
[    1.476795] e1000: Intel(R) PRO/1000 Network Driver - version 7.3.21-k8-NAPI
[    1.478581] e1000: Copyright (c) 1999-2006 Intel Corporation.
[    1.483277] Fusion MPT base driver 3.04.20
[    1.484462] Copyright (c) 1999-2008 LSI Corporation
[    1.519368] AVX2 version of gcm_enc/dec engaged.
[    1.520606] AES CTR mode by8 optimization enabled
[    1.545561] Fusion MPT SPI Host driver 3.04.20
[    1.739513] input: ImExPS/2 Generic Explorer Mouse as /devices/platform/i8042/serio1/input/input4
[    1.962098] e1000 0000:00:03.0 eth0: (PCI:33MHz:32-bit) 02:af:57:b2:64:eb
[    1.965997] e1000 0000:00:03.0 eth0: Intel(R) PRO/1000 Network Connection
[    1.969320] mptbase: ioc0: Initiating bringup
[    2.034065] ioc0: LSI53C1030 A0: Capabilities={Initiator}
[    2.199854] scsi host2: ioc0: LSI53C1030 A0, FwRev=00000000h, Ports=1, MaxQ=256, IRQ=20
[    2.315534] scsi 2:0:0:0: Direct-Access     VBOX     HARDDISK         1.0  PQ: 0 ANSI: 5
[    2.323880] scsi target2:0:0: Beginning Domain Validation
[    2.328569] scsi target2:0:0: Domain Validation skipping write tests
[    2.332000] scsi target2:0:0: Ending Domain Validation
[    2.333691] scsi target2:0:0: asynchronous
[    2.335933] scsi 2:0:1:0: Direct-Access     VBOX     HARDDISK         1.0  PQ: 0 ANSI: 5
[    2.338575] scsi target2:0:1: Beginning Domain Validation
[    2.342598] scsi target2:0:1: Domain Validation skipping write tests
[    2.360926] scsi target2:0:1: Ending Domain Validation
[    2.376724] scsi target2:0:1: asynchronous
[    2.412450] sd 2:0:0:0: Attached scsi generic sg0 type 0
[    2.415086] sd 2:0:0:0: [sda] 20971520 512-byte logical blocks: (10.7 GB/10.0 GiB)
[    2.420108] sd 2:0:1:0: Attached scsi generic sg1 type 0
[    2.422180] sd 2:0:0:0: [sda] Write Protect is off
[    2.423999] sd 2:0:1:0: [sdb] 20480 512-byte logical blocks: (10.5 MB/10.0 MiB)
[    2.427506] sd 2:0:0:0: [sda] Incomplete mode parameter data
[    2.430841] sd 2:0:0:0: [sda] Assuming drive cache: write through
[    2.432965] sd 2:0:1:0: [sdb] Write Protect is off
[    2.434901] sd 2:0:1:0: [sdb] Incomplete mode parameter data
[    2.436497] sd 2:0:1:0: [sdb] Assuming drive cache: write through
[    2.439455]  sda: sda1
[    2.441293] sd 2:0:0:0: [sda] Attached SCSI disk
[    2.447639] sd 2:0:1:0: [sdb] Attached SCSI disk
[    2.797043] e1000 0000:00:08.0 eth1: (PCI:33MHz:32-bit) 08:00:27:c2:af:7a
[    2.798911] e1000 0000:00:08.0 eth1: Intel(R) PRO/1000 Network Connection
[    2.801793] e1000 0000:00:03.0 enp0s3: renamed from eth0
[    2.820497] e1000 0000:00:08.0 enp0s8: renamed from eth1
Begin: Loading essential drivers ... [    4.388712] md: linear personality registered for level -1
[    4.402093] md: multipath personality registered for level -4
[    4.409655] md: raid0 personality registered for level 0
[    4.415109] md: raid1 personality registered for level 1
[    4.489994] raid6: sse2x1   gen()  6195 MB/s
[    4.557354] raid6: sse2x1   xor()  5829 MB/s
[    4.625659] raid6: sse2x2   gen()  9169 MB/s
[    4.693179] raid6: sse2x2   xor()  6536 MB/s
[    4.761343] raid6: sse2x4   gen() 10442 MB/s
[    4.829648] raid6: sse2x4   xor()  6713 MB/s
[    4.897166] raid6: avx2x1   gen() 15573 MB/s
[    4.965325] raid6: avx2x2   gen() 18365 MB/s
[    5.033623] raid6: avx2x4   gen() 19148 MB/s
[    5.034977] raid6: using algorithm avx2x4 gen() 19148 MB/s
[    5.036477] raid6: using avx2x2 recovery algorithm
[    5.039493] xor: automatically using best checksumming function:
[    5.077545]    avx       : 20304.000 MB/sec
[    5.080366] async_tx: api initialized (async)
[    5.091612] md: raid6 personality registered for level 6
[    5.093297] md: raid5 personality registered for level 5
[    5.094777] md: raid4 personality registered for level 4
[    5.103876] md: raid10 personality registered for level 10
done.
Begin: Running /scripts/init-premount ... done.
Begin: Mounting root file system ... Begin: Running /scripts/local-top ... done.
Begin: Running /scripts/local-premount ... [    5.144784] Btrfs loaded
Scanning for Btrfs filesystems
done.
Warning: fsck not present, so skipping root file system
[    5.179526] EXT4-fs (sda1): mounted filesystem with ordered data mode. Opts: (null)
done.
Begin: Running /scripts/local-bottom ... done.
Begin: Running /scripts/init-bottom ... done.
[    5.295397] systemd[1]: systemd 229 running in system mode. (+PAM +AUDIT +SELINUX +IMA +APPARMOR +SMACK +SYSVINIT +UTMP +LIBCRYPTSETUP +GCRYPT +GNUTLS +ACL +XZ -LZ4 +SECCOMP +BLKID +ELFUTILS +KMOD -IDN)
[    5.300203] systemd[1]: Detected virtualization oracle.
[    5.301559] systemd[1]: Detected architecture x86-64.

Welcome to [1mUbuntu 16.04.6 LTS[0m!

[    5.306192] systemd[1]: Set hostname to <ubuntu>.
[    5.309686] systemd[1]: Initializing machine ID from random generator.
[    5.311367] systemd[1]: Installed transient /etc/machine-id file.
[    5.504555] systemd[1]: Listening on /dev/initctl Compatibility Named Pipe.
[[0;32m  OK  [0m] Listening on /dev/initctl Compatibility Named Pipe.
[    5.508291] systemd[1]: Reached target Swap.
[[0;32m  OK  [0m] Reached target Swap.
[    5.511791] systemd[1]: Created slice User and Session Slice.
[[0;32m  OK  [0m] Created slice User and Session Slice.
[    5.521988] systemd[1]: Listening on udev Control Socket.
[[0;32m  OK  [0m] Listening on udev Control Socket.
[    5.528479] systemd[1]: Listening on Device-mapper event daemon FIFOs.
[[0;32m  OK  [0m] Listening on Device-mapper event daemon FIFOs.
[    5.532386] systemd[1]: Listening on LVM2 poll daemon socket.
[[0;32m  OK  [0m] Listening on LVM2 poll daemon socket.
[    5.535885] systemd[1]: Created slice System Slice.
[[0;32m  OK  [0m] Created slice System Slice.
[    5.541087] systemd[1]: Reached target Slices.
[[0;32m  OK  [0m] Reached target Slices.
[    5.544895] systemd[1]: Listening on LVM2 metadata daemon socket.
[[0;32m  OK  [0m] Listening on LVM2 metadata daemon socket.
[    5.550386] systemd[1]: Listening on Syslog Socket.
[[0;32m  OK  [0m] Listening on Syslog Socket.
[    5.562328] systemd[1]: Created slice system-serial\x2dgetty.slice.
[[0;32m  OK  [0m] Created slice system-serial\x2dgetty.slice.
[    5.566704] systemd[1]: Set up automount Arbitrary Executable File Formats File System Automount Point.
[[0;32m  OK  [0m] Set up automount Arbitrary Executab...ats File System Automount Point.
[    5.577560] systemd[1]: Reached target User and Group Name Lookups.
[[0;32m  OK  [0m] Reached target User and Group Name Lookups.
[    5.582994] systemd[1]: Listening on udev Kernel Socket.
[[0;32m  OK  [0m] Listening on udev Kernel Socket.
[    5.585841] systemd[1]: Started Forward Password Requests to Wall Directory Watch.
[[0;32m  OK  [0m] Started Forward Password Requests to Wall Directory Watch.
[    5.592736] systemd[1]: Reached target System Time Synchronized.
[[0;32m  OK  [0m] Reached target System Time Synchronized.
[    5.596817] systemd[1]: Listening on Journal Socket (/dev/log).
[[0;32m  OK  [0m] Listening on Journal Socket (/dev/log).
[    5.605937] systemd[1]: Started Trigger resolvconf update for networkd DNS.
[[0;32m  OK  [0m] Started Trigger resolvconf update for networkd DNS.
[    5.611780] systemd[1]: Reached target Encrypted Volumes.
[[0;32m  OK  [0m] Reached target Encrypted Volumes.
[    5.617043] systemd[1]: Listening on Journal Socket.
[[0;32m  OK  [0m] Listening on Journal Socket.
[    5.634078] systemd[1]: Mounting Debug File System...
         Mounting Debug File System...
[    5.637670] systemd[1]: Starting Remount Root and Kernel File Systems...
         Starting Remount Root and Kernel File Systems...
[    5.647563] systemd[1]: Starting Set console keymap...
[    5.647858] EXT4-fs (sda1): re-mounted. Opts: (null)
         Starting Set console keymap...
[    5.652582] systemd[1]: Starting Uncomplicated firewall...
         Starting Uncomplicated firewall...
[    5.656395] systemd[1]: Starting Nameserver information manager...
         Starting Nameserver information manager...
[    5.662633] systemd[1]: Starting Load Kernel Modules...
         Starting Load Kernel Modules...
[    5.666805] systemd[1]: Starting Monitoring of LVM2 mirrors, snapshots etc. using dmeventd or progress polling...
         Starting Monitoring of LVM2 mirrors... dmeventd or progress polling...
[    5.674571] systemd[1]: Mounting Huge Pages File System...
         Mounting Huge Pages File System...
[    5.677696] Loading iSCSI transport class v2.0-870.
[    5.677991] systemd[1]: Mounting POSIX Message Queue File System...
         Mounting POSIX Message Queue File System...
[    5.683523] systemd[1]: Starting Create list of required static device nodes for the current kernel...
         Starting Create list of required st... nodes for the current kernel...
[    5.692696] systemd[1]: Listening on Journal Audit Socket.
[[0;32m  OK  [0m] Listening on Journal Audit Socket.
[    5.696491] systemd[1]: Starting Journal Service...
         Starting Journal Service...
[    5.702277] systemd[1]: Mounted Debug File System.
[    5.703959] iscsi: registered transport (tcp)
[[0;32m  OK  [0m] Mounted Debug File System.
[    5.705737] systemd[1]: Mounted POSIX Message Queue File System.
[[0;32m  OK  [0m] Mounted POSIX Message Queue File System.
[    5.709359] systemd[1]: Mounted Huge Pages File System.
[[0;32m  OK  [0m] Mounted Huge Pages File System.
[    5.718907] systemd[1]: Started Remount Root and Kernel File Systems.
[[0;32m  OK  [0m] Started Remount Root and Kernel File Systems.
[    5.736773] systemd[1]: Started Uncomplicated firewall.
[[0;32m  OK  [0m] Started Uncomplicated firewall.
[    5.741462] systemd[1]: Started Create list of required static device nodes for the current kernel.
[[0;32m  OK  [0m] Started Create list of required sta...ce nodes for the current kernel.
[    5.747165] systemd[1]: Started Nameserver information manager.
[[0;32m  OK  [0m] Started Nameserver information manager.
[    5.811044] iscsi: registered transport (iser)
[    5.817255] systemd[1]: Started Journal Service.
[[0;32m  OK  [0m] Started Journal Service.
[[0;32m  OK  [0m] Started Set console keymap.
[[0;32m  OK  [0m] Started Load Kernel Modules.
         Starting Apply Kernel Variables...
         Mounting FUSE Control File System...
[[0;32m  OK  [0m] Started LVM2 metadata daemon.
         Starting Create Static Device Nodes in /dev...
         Starting udev Coldplug all Devices...
         Starting Load/Save Random Seed...
         Starting Flush Journal to Persistent Storage...
[[0;32m  OK  [0m] Mounted FUSE Control File System.
[[0;32m  OK  [0m] Started Apply Kernel Variables.
[[0;32m  OK  [0m] Started Load/Save Random Seed.
[[0;32m  OK  [0m] Started Create Static Device Nodes in /dev.
[[0;32m  OK  [0m] Started Flush Journal to Persistent Storage.
[[0;32m  OK  [0m] Started udev Coldplug all Devices.
         Starting udev Kernel Device Manager...
[[0;32m  OK  [0m] Started udev Kernel Device Manager.
[[0;32m  OK  [0m] Started Dispatch Password Requests to Console Directory Watch.
[[0;32m  OK  [0m] Found device /dev/ttyS0.
[[0;32m  OK  [0m] Listening on Load/Save RF Kill Switch Status /dev/rfkill Watch.
[[0;32m  OK  [0m] Started Monitoring of LVM2 mirrors,...ng dmeventd or progress polling.
[[0;32m  OK  [0m] Reached target Local File Systems (Pre).
[[0;32m  OK  [0m] Reached target Local File Systems.
         Starting Set console font and keymap...
         Starting Initial cloud-init job (pre-networking)...
         Starting Tell Plymouth To Write Out Runtime Data...
         Starting LSB: AppArmor initialization...
         Starting Create Volatile Files and Directories...
         Starting Commit a transient machine-id on disk...
[[0;32m  OK  [0m] Started Tell Plymouth To Write Out Runtime Data.
[[0;32m  OK  [0m] Started Create Volatile Files and Directories.
[[0;32m  OK  [0m] Started Commit a transient machine-id on disk.
         Starting Update UTMP about System Boot/Shutdown...
[[0;32m  OK  [0m] Started Update UTMP about System Boot/Shutdown.
[[0;32m  OK  [0m] Started Set console font and keymap.
[[0;32m  OK  [0m] Created slice system-getty.slice.
[    8.409423] cloud-init[626]: Cloud-init v. 19.2-24-ge7881d5c-0ubuntu1~16.04.1 running 'init-local' at Mon, 30 Sep 2019 14:05:26 +0000. Up 7.63 seconds.
[[0;32m  OK  [0m] Started Initial cloud-init job (pre-networking).
[[0;32m  OK  [0m] Reached target Network (Pre).
[[0;32m  OK  [0m] Started LSB: AppArmor initialization.
         Starting Raise network interfaces...
[[0;32m  OK  [0m] Started Raise network interfaces.
[[0;32m  OK  [0m] Reached target Network.
         Starting Initial cloud-init job (metadata service crawler)...
[   10.292419] cloud-init[969]: Cloud-init v. 19.2-24-ge7881d5c-0ubuntu1~16.04.1 running 'init' at Mon, 30 Sep 2019 14:05:28 +0000. Up 9.55 seconds.
[   10.295180] cloud-init[969]: ci-info: ++++++++++++++++++++++++++++++++++++++Net device info+++++++++++++++++++++++++++++++++++++++
[   10.297612] cloud-init[969]: ci-info: +--------+-------+----------------------------+---------------+--------+-------------------+
[   10.305230] cloud-init[969]: ci-info: | Device |   Up  |          Address           |      Mask     | Scope  |     Hw-Address    |
[   10.307479] cloud-init[969]: ci-info: +--------+-------+----------------------------+---------------+--------+-------------------+
[   10.314720] cloud-init[969]: ci-info: | enp0s3 |  True |         10.0.2.15          | 255.255.255.0 | global | 02:af:57:b2:64:eb |
[   10.321095] cloud-init[969]: ci-info: | enp0s3 |  True | fe80::af:57ff:feb2:64eb/64 |       .       |  link  | 02:af:57:b2:64:eb |
[   10.323558] cloud-init[969]: ci-info: | enp0s8 | False |             .              |       .       |   .    | 08:00:27:c2:af:7a |
[   10.329988] cloud-init[969]: ci-info: |   lo   |  True |         127.0.0.1          |   255.0.0.0   |  host  |         .         |
[   10.336657] cloud-init[969]: ci-info: |   lo   |  True |          ::1/128           |       .       |  host  |         .         |
[   10.339179] cloud-init[969]: ci-info: +--------+-------+----------------------------+---------------+--------+-------------------+
[   10.346045] cloud-init[969]: ci-info: +++++++++++++++++++++++++++Route IPv4 info++++++++++++++++++++++++++++
[   10.348530] cloud-init[969]: ci-info: +-------+-------------+----------+---------------+-----------+-------+
[   10.352952] cloud-init[969]: ci-info: | Route | Destination | Gateway  |    Genmask    | Interface | Flags |
[   10.355084] cloud-init[969]: ci-info: +-------+-------------+----------+---------------+-----------+-------+
[   10.357673] cloud-init[969]: ci-info: |   0   |   0.0.0.0   | 10.0.2.2 |    0.0.0.0    |   enp0s3  |   UG  |
[   10.359779] cloud-init[969]: ci-info: |   1   |   10.0.2.0  | 0.0.0.0  | 255.255.255.0 |   enp0s3  |   U   |
[   10.369299] cloud-init[969]: ci-info: +-------+-------------+----------+---------------+-----------+-------+
[   10.376703] cloud-init[969]: ci-info: +++++++++++++++++++Route IPv6 info+++++++++++++++++++
[   10.385837] cloud-init[969]: ci-info: +-------+-------------+---------+-----------+-------+
[   10.387411] cloud-init[969]: ci-info: | Route | Destination | Gateway | Interface | Flags |
[   10.389121] cloud-init[969]: ci-info: +-------+-------------+---------+-----------+-------+
[   10.390951] cloud-init[969]: ci-info: |   0   |  fe80::/64  |    ::   |   enp0s3  |   U   |
[   10.392729] cloud-init[969]: ci-info: |   3   |   ff00::/8  |    ::   |   enp0s3  |   U   |
[   10.394488] cloud-init[969]: ci-info: +-------+-------------+---------+-----------+-------+
[   10.396463] cloud-init[969]: Generating public/private rsa key pair.
[   10.398415] cloud-init[969]: Your identification has been saved in /etc/ssh/ssh_host_rsa_key.
[   10.402039] cloud-init[969]: Your public key has been saved in /etc/ssh/ssh_host_rsa_key.pub.
[   10.404255] cloud-init[969]: The key fingerprint is:
[   10.405592] cloud-init[969]: SHA256:6om1Ns8QSGEz81Veh6eOyIN3tbVEsAtWi1tfQGZvCO8 root@ubuntu-xenial
[   10.408101] cloud-init[969]: The key's randomart image is:
[   10.409485] cloud-init[969]: +---[RSA 2048]----+
[   10.410907] cloud-init[969]: |    *   ... =+*  |
[   10.412344] cloud-init[969]: |   . * . . +.Oo+ |
[   10.420602] cloud-init[969]: |    . .   = ++o +|
[   10.422038] cloud-init[969]: |   . .   . +o+oo |
[   10.429173] cloud-init[969]: |    . .oS..+.+E. |
[   10.437189] cloud-init[969]: |      .o= o o .  |
[   10.438422] cloud-init[969]: |      +. o       |
[   10.444794] cloud-init[969]: |     +o=         |
[   10.444927] cloud-init[969]: |    ..+oo        |
[   10.445210] cloud-init[969]: +----[SHA256]-----+
[   10.445694] cloud-init[969]: Generating public/private dsa key pair.
[[0;32m  OK  [0m] Started Initial cloud-init job (metadata service crawler).
[   10.446098] cloud-init[969]: Your identification has been saved in /etc/ssh/ssh_host_dsa_key.
[   10.451113] cloud-init[969]: Your public key has been saved in /etc/ssh/ssh_host_dsa_key.pub.
[   10.453352] cloud-init[969]: The key fingerprint is:
[   10.454455] cloud-init[969]: SHA256:F22zUCau0LvNtljhJZtNandJH0CV01uJ1MRECY59oE4 root@ubuntu-xenial
[   10.454846] cloud-init[969]: The key's randomart image is:
[   10.455569] cloud-init[969]: +---[DSA 1024]----+
[   10.456220] cloud-init[969]: |          . +=X==|
[   10.456726] cloud-init[969]: |       . . =*..Bo|
[   10.457259] cloud-init[969]: |      . . +E++ .+|
[   10.457771] cloud-init[969]: |       . oo+ oo. |
[   10.458365] cloud-init[969]: |        S +.+ .. |
[   10.458867] cloud-init[969]: |         * X . o.|
[   10.459231] cloud-init[969]: |        . @ o o .|
[   10.459794] cloud-init[969]: |         = o .   |
[   10.460636] cloud-init[969]: |        . .      |
[   10.461432] cloud-init[969]: +----[SHA256]-----+
[   10.462003] cloud-init[969]: Generating public/private ecdsa key pair.
[   10.462514] cloud-init[969]: Your identification has been saved in /etc/ssh/ssh_host_ecdsa_key.
[   10.462844] cloud-init[969]: Your public key has been saved in /etc/ssh/ssh_host_ecdsa_key.pub.
[   10.463217] cloud-init[969]: The key fingerprint is:
[   10.463692] cloud-init[969]: SHA256:wKWJKhhmKZtVzxofaJpAXqHfpDo/kpA56g3Pnb05/Qo root@ubuntu-xenial
[   10.465463] cloud-init[969]: The key's randomart image is:
[   10.465959] cloud-init[969]: +---[ECDSA 256]---+
[   10.466425] cloud-init[969]: | . oo   .        |
[   10.468419] cloud-init[969]: |o +. * +         |
[   10.469168] cloud-init[969]: |+*. =.O          |
[   10.469728] cloud-init[969]: |=*.=++ o         |
[   10.470231] cloud-init[969]: |=o+o... S        |
[   10.470708] cloud-init[969]: |=..              |
[[0;32m  OK  [0m] Reached target Cloud-config availability.
[[0;32m  OK  [0m] Reached target System Initialization.
[   10.470963] cloud-init[969]: |o=.    E.        |
[   10.478829] cloud-init[969]: |.oB.. o.o.       |
[   10.479998] cloud-init[969]: |...=.o +o.o.     |
[   10.481138] cloud-init[969]: +----[SHA256]-----+
[   10.482338] cloud-init[969]: Generating public/private ed25519 key pair.
[   10.483961] cloud-init[969]: Your identification has been saved in /etc/ssh/ssh_host_ed25519_key.
[   10.485909] cloud-init[969]: Your public key has been saved in /etc/ssh/ssh_host_ed25519_key.pub.
[   10.492204] [[0;32m  OK  [0m] Started ACPI Events Check.
[[0;32m  OK  [0m] Reached target Paths.
[[0;32m  OK  [0m] Listening on D-Bus System Message Bus Socket.
[[0;32m  OK  [0m] Listening on UUID daemon activation socket.
[[0;32m  OK  [0m] Started Daily Cleanup of Temporary Directories.
         Starting Socket activation for snappy daemon.
cloud-init[969]: The key fingerprint is:
         Starting LXD - unix socket.
[   10.497579] [[0;32m  OK  [0m] Started Daily apt download activities.
cloud-init[969]: SHA256:VGqFi9nBospU61rXYPEs4dwlZCW9z3iTrGkiUwv8Xhg root@ubuntu-xenial
[   10.501964] [[0;32m  OK  [0m] Started Daily apt upgrade and clean activities.
[[0;32m  OK  [0m] Reached target Timers.
[[0;32m  OK  [0m] Listening on ACPID Listen Socket.
[[0;32m  OK  [0m] Reached target Network is Online.
cloud-init[969]: The key's randomart image is:
[   10.505766] cloud-init[969]: +--[ED25519 256]--+
[   10.506781] cloud-init[969]: |       o+++      |
[   10.507809] cloud-init[969]: |    . +.==o      |
[   10.518039] cloud-init[969]: |   . = @+= .     |
[   10.519323] cloud-init[969]: |  . o Oo* .      |         Starting iSCSI initiator daemon (iscsid)...

[   10.521535] [[0;32m  OK  [0m] Listening on Socket activation for snappy daemon.
[[0;32m  OK  [0m] Listening on LXD - unix socket.
[[0;32m  OK  [0m] Reached target Sockets.
[[0;32m  OK  [0m] Reached target Basic System.
cloud-init[969]: | o o o +E  = .   |
[   10.525518]          Starting Virtualbox guest utils...
cloud-init[969]: |  o o + oo. B    |
         Starting LSB: MD monitoring daemon...
[   10.527881] cloud-init         Starting LXD - container startup/shutdown...
[969]: |   o . +...+ .   |[[0;32m  OK  [0m] Started D-Bus System Message Bus.

[   10.531319] cloud-init[969]: |  .   o +.+      |
[   10.538744] cloud-init[969]: |       +.o       |
[   10.540248] cloud-init[969]: +----[SHA256]-----+
[[0;32m  OK  [0m] Started Regular background program processing daemon.
[[0;32m  OK  [0m] Started Deferred execution scheduler.
         Starting System Logging Service...
[[0;32m  OK  [0m] Started ACPI event daemon.
         Starting Login Service...
[[0;32m  OK  [0m] Started FUSE filesystem for LXC.
         Starting /etc/rc.local Compatibility...
         Starting LSB: Record successful boot for GRUB...
         Starting Accounts Service...
         Starting Pollinate to seed the pseudo random number generator...
         Starting Snappy daemon...
[[0;32m  OK  [0m] Started /etc/rc.local Compatibility.
[[0;32m  OK  [0m] Started iSCSI initiator daemon (iscsid).
[[0;32m  OK  [0m] Started System Logging Service.
         Starting Login to default iSCSI targets...
[[0;32m  OK  [0m] Started Login Service.
[[0;32m  OK  [0m] Started Unattended Upgrades Shutdown.
[[0;32m  OK  [0m] Started LSB: MD monitoring daemon.
[[0;32m  OK  [0m] Started LSB: Record successful boot for GRUB.
[[0;32m  OK  [0m] Started Login to default iSCSI targets.
         Starting Authenticate and Authorize Users to Run Privileged Tasks...
[[0;32m  OK  [0m] Reached target Remote File Systems (Pre).
[[0;32m  OK  [0m] Reached target Remote File Systems.
         Starting LSB: Set the CPU Frequency Scaling governor to "ondemand"...
         Starting LSB: automatic crash report generation...
         Starting Permit User Sessions...
         Starting LSB: daemon to balance interrupts for SMP systems...
[[0;32m  OK  [0m] Started Virtualbox guest utils.
[[0;32m  OK  [0m] Started Permit User Sessions.
         Starting Terminate Plymouth Boot Screen...
         Starting Hold until boot process finishes up...
[[0;32m  OK  [0m] Started LSB: Set the CPU Frequency Scaling governor to "ondemand".
[[0;32m  OK  [0m] Started LSB: automatic crash report generation.
[[0;32m  OK  [0m] Started LXD - container startup/shutdown.
[[0;32m  OK  [0m] Started LSB: daemon to balance interrupts for SMP systems.
[[0;32m  OK  [0m] Started Terminate Plymouth Boot Screen.
[[0;32m  OK  [0m] Started Hold until boot process finishes up.
[[0;32m  OK  [0m] Started Authenticate and Authorize Users to Run Privileged Tasks.
[[0;32m  OK  [0m] Started Accounts Service.
[[0;32m  OK  [0m] Started Serial Getty on ttyS0.
[[0;32m  OK  [0m] Started Getty on tty1.
[[0;32m  OK  [0m] Reached target Login Prompts.
         Starting Set console scheme...
[[0;32m  OK  [0m] Started Set console scheme.
[[0;32m  OK  [0m] Started Snappy daemon.
         Starting Wait until snapd is fully seeded...
[[0;32m  OK  [0m] Started Pollinate to seed the pseudo random number generator.
         Starting OpenBSD Secure Shell server...
[[0;32m  OK  [0m] Started OpenBSD Secure Shell server.
[[0;32m  OK  [0m] Created slice User Slice of vagrant.
         Starting User Manager for UID 1000...
[[0;32m  OK  [0m] Started Session 1 of user vagrant.
[[0;32m  OK  [0m] Started User Manager for UID 1000.
[[0;32m  OK  [0m] Started Wait until snapd is fully seeded.
         Starting Apply the settings specified in cloud-config...
[[0;32m  OK  [0m] Reached target Multi-User System.
[[0;32m  OK  [0m] Reached target Graphical Interface.
         Starting Update UTMP about System Runlevel Changes...
[[0;32m  OK  [0m] Started Update UTMP about System Runlevel Changes.
[   13.629016] cloud-init[1418]: Generating locales (this might take a while)...
[   15.254526] cloud-init[1418]:   en_US.UTF-8... done
[   15.256096] cloud-init[1418]: Generation complete.
[   15.643219] cloud-init[1418]: Cloud-init v. 19.2-24-ge7881d5c-0ubuntu1~16.04.1 running 'modules:config' at Mon, 30 Sep 2019 14:05:31 +0000. Up 13.38 seconds.
[[0;32m  OK  [0m] Started Apply the settings specified in cloud-config.
         Starting Execute cloud user/final scripts...
         Stopping User Manager for UID 1000...
[[0;32m  OK  [0m] Stopped User Manager for UID 1000.
[[0;32m  OK  [0m] Removed slice User Slice of vagrant.
ci-info: no authorized ssh keys fingerprints found for user ubuntu.
<14>Sep 30 14:05:35 ec2: 
<14>Sep 30 14:05:35 ec2: #############################################################
<14>Sep 30 14:05:35 ec2: -----BEGIN SSH HOST KEY FINGERPRINTS-----
<14>Sep 30 14:05:35 ec2: 1024 SHA256:F22zUCau0LvNtljhJZtNandJH0CV01uJ1MRECY59oE4 root@ubuntu-xenial (DSA)
<14>Sep 30 14:05:35 ec2: 256 SHA256:wKWJKhhmKZtVzxofaJpAXqHfpDo/kpA56g3Pnb05/Qo root@ubuntu-xenial (ECDSA)
<14>Sep 30 14:05:35 ec2: 256 SHA256:VGqFi9nBospU61rXYPEs4dwlZCW9z3iTrGkiUwv8Xhg root@ubuntu-xenial (ED25519)
<14>Sep 30 14:05:35 ec2: 2048 SHA256:6om1Ns8QSGEz81Veh6eOyIN3tbVEsAtWi1tfQGZvCO8 root@ubuntu-xenial (RSA)
<14>Sep 30 14:05:35 ec2: -----END SSH HOST KEY FINGERPRINTS-----
<14>Sep 30 14:05:35 ec2: #############################################################
-----BEGIN SSH HOST KEY KEYS-----
ecdsa-sha2-nistp256 AAAAE2VjZHNhLXNoYTItbmlzdHAyNTYAAAAIbmlzdHAyNTYAAABBBC1ldcuThEf7bAzLDAW4PHGzqcXGnwtfeZbKx1RjEQ84hVBZRyLmb71xVfE1P3ZajWhmIEsYFLkZdLRF38uv62w= root@ubuntu-xenial
ssh-ed25519 AAAAC3NzaC1lZDI1NTE5AAAAIO8XXPN8Jtl/UOI8gZ64pZSzCKDGlEL7snn8w2c2SDGW root@ubuntu-xenial
ssh-rsa AAAAB3NzaC1yc2EAAAADAQABAAABAQDhhccC1LR2V5kOPLkhSDDUSFms23cZeBqrScHSzvf0kwgi9LrvA/u5epXNpYIZMOJD/tjoneFJiMakdaCcPSouCeHzf3I79eE7t279bVZ5foEpgu1XAwhofHNR3lQiCgODTQj7e5AOn34aVcitqNDHhdnJkcnaJdn0EMFag/iPPv3fYYF5aINzFwZRIUHln7/6WxfQdmsP+vG5d5c+blCyIuiXJwPynSYqbztnJCXSYlIYL86UaB1VjB4YpTnTdiIvTcqp3SIn8N4YuNgKQWjYN+3HPfgynq4xlvOrwa2fTw0GwLpsJgk56WGQHMpFO08YFS14JX6ufWed+jMiCvR3 root@ubuntu-xenial
-----END SSH HOST KEY KEYS-----
[   16.509738] cloud-init[1564]: Cloud-init v. 19.2-24-ge7881d5c-0ubuntu1~16.04.1 running 'modules:final' at Mon, 30 Sep 2019 14:05:34 +0000. Up 16.31 seconds.
[   16.510369] cloud-init[1564]: ci-info: no authorized ssh keys fingerprints found for user ubuntu.
[   16.510498] cloud-init[1564]: Cloud-init v. 19.2-24-ge7881d5c-0ubuntu1~16.04.1 finished at Mon, 30 Sep 2019 14:05:35 +0000. Datasource DataSourceNoCloud [seed=/dev/sdb][dsmode=net].  Up 16.50 seconds

Ubuntu 16.04.6 LTS ubuntu-xenial ttyS0

ubuntu-xenial login: 